<OverlayData>
<MarkerCategory  DisplayName="My Category" Name="mycategory">
</MarkerCategory>

<POIs>
<Trail  Type="mycategory" IsWall="true" MapID="50"/>
<Trail  Type="mycategory" IsWall="true" MapID="50"/>
<Trail  Type="mycategory" IsWall="false" MapID="50"/>
<Trail  Type="mycategory" IsWall="false" MapID="50"/>
</POIs>
</OverlayData>
