<OverlayData>
<MarkerCategory  Name="unsupportedvalue">
</MarkerCategory>

<POIs>
<POI  CanFade="false" Type="unsupportedvalue"/>
</POIs>
</OverlayData>
