<OverlayData>
<MarkerCategory  Name="">
</MarkerCategory>

<POIs>
<POI  CanFade="false" Type=""/>
</POIs>
</OverlayData>
