<OverlayData>
<MarkerCategory  Name="supportedvaluenotdefault">
</MarkerCategory>

<POIs>
<POI  CanFade="false" Type="supportedvaluenotdefault"/>
</POIs>
</OverlayData>
